// Jest Snapshot v1, https://goo.gl/fbAQLP

exports[`<App /> Should match snapshot 1`] = `
<div
  className="app"
>
  <h1
    className="app-title"
  >
    Customer Information
  </h1>
  <div
    className="container"
  >
    <div
      className="customet-list"
    >
      <div
        className="customet-list-header"
      >
        <div
          className="col"
        >
          ID
        </div>
        <div
          className="col"
        >
          NAME
        </div>
        <div
          className="col"
        >
          AGE
        </div>
      </div>
    </div>
  </div>
</div>
`;
